Li(n,x)H-3
Li(n,x)He-4
Li-6(n,t)He-4
Li-6(n,x)H-3
Li-6(n,x)He-4
Li-7(n,x)H-3
Li-7(n,x)He-4
B(n,x)H-3
B(n,x)He-4
B-10(n,a)
B-10(n,x)H-3
B-10(n,x)He-4
B-11(n,x)H-3
B-11(n,x)He-4
F-19(n,2n)
Na-23(n,2n)
Na-23(n,g)
Mg(n,x)Na-24
Mg-24(n,p)
Al-27(n,p)
Al-27(n,a)
Al-27(n,x)Na-24
Al-27(n,2n)Al-26g
Si(n,x)Al-28
Si-28(n,p)
Si-29(n,x)Al-28
P-31(n,p)
S(n,x)P-32
S-32(n,p)P-32
Sc-45(n,g)
Ti(n,x)Sc-46
Ti(n,x)Sc-47
Ti(n,x)Sc-48
Ti(n,x)Ti-46
Ti-46(n,2n)
Ti-46(n,p)
Ti-47(n,p)
Ti-48(n,p)
V-51(n,a)
V-51(n,x)Sc-48
Cr(n,x)Cr-51
Mn-55(n,2n)
Mn-55(n,g)
Fe(n,x)Cr-51
Fe(n,x)Mn-54
Fe(n,x)Mn-56
Fe(n,x)Fe-53
Fe-54(n,2n)
Fe-54(n,p)
Fe-54(n,a)
Fe-56(n,p)
Fe-58(n,g)
Co-59(n,2n)
Co-59(n,3n)
Co-59(n,g)
Co-59(n,p)
Co-59(n,a)
Co-59(n,x)Mn-56
Ni(n,x)Co-58
Ni(n,x)Co-60
Ni(n,x)Ni-57
Ni-58(n,2n)
Ni-58(n,p)
Ni-60(n,p)
Cu(n,x)Co-60
Cu(n,x)Cu-62
Cu(n,x)Cu-64
Cu-63(n,2n)
Cu-63(n,g)
Cu-63(n,a)
Cu-65(n,2n)
Zn(n,x)Cu-64
Zn(n,x)Cu-67
Zn-64(n,p)
Zn-67(n,p)
Zn-68(n,x)Cu-68
As-75(n,2n)
Y-89(n,2n)
Zr(n,x)Zr-89
Zr-90(n,2n)
Nb-93(n,2n)Nb-92m
Nb-93(n,n')Nb-93m
Nb-93(n,g)
Nb-93(n,g)Nb-94m
Mo(n,x)Nb-92m
Mo-92(n,p)Nb-92m
Rh-103(n,n')Rh-103m
Ag-109(n,g)Ag-110m
In(n,x)In-114m
In-113(n,g)In-114m
In-113(n,n')In-113m
In-115(n,2n)In-114m
In-115(n,n')In-115m
In-115(n,g)In-116m
I-127(n,g)
La-139(n,g)
Pr-141(n,2n)
Tm-169(n,2n)
Tm-169(n,3n)
Ta-181(n,g)
W-186(n,g)
Au-197(n,2n)
Au-197(n,g)
Hg-199(n,n')Hg-199m
Pb-204(n,n')Pb-204m
Bi-209(n,2n)
Bi-209(n,3n)
Bi-209(n,4n)
Bi-209(n,5n)
Bi-209(n,6n)
Th-232(n,f)
Th-232(n,g)
U-235(n,f)
U-238(n,2n)
U-238(n,f)
U-238(n,g)
Np-237(n,f)
Pu-239(n,f)
Am-241(n,f)
